[www.polestarholdings.com/index.html]
[backblue.gif]
[fade.gif]
[index.html]
[assets.jimstatic.com/ckies.js.d8b51412786171ff7488.js]
[u.jimcdn.com/cms/o/s607c3666aed809e9/layout/dm_82d2cc1a7c005e792e431eaf8e261105/css/layout109d.css]
[assets.jimstatic.com/web.css.133312a193e3b4cce366ae56405b32cf.css]
[assets.jimstatic.com/web.js.c68ba26610f7bca1dd43.js]
[image.jimcdn.com/app/cms/image/transf/dimension=219x10000_format=png/path/s607c3666aed809e9/image/i66ee1eb6069780d9/version/1466412641/image.png]
[www.polestarholdings.com/about-polestar/polestar-the-guiding-principle/index.html]
[image.jimcdn.com/app/cms/image/transf/dimension=650x10000_format=jpg/path/s607c3666aed809e9/image/i22c738b2b9e94815/version/1467347105/image.jpg]
[www.polestarholdings.com/about-polestar/about-us/index.html]
[www.polestarholdings.com/j/cookies/policy.html]
[www.polestarholdings.com/about-polestar/our-approach/index.html]
[www.polestarholdings.com/about-polestar/our-value-proposition/index.html]
[www.polestarholdings.com/about-polestar/community-service/index.html]
[www.google-analytics.com/ga.js]
[www.polestarholdings.com/index.html]
[www.polestarholdings.com/our-specialization/index.html]
[www.polestarholdings.com/our-specialization/mezzanine-capital/index.html]
[u.jimcdn.com/cms/o/s607c3666aed809e9/layout/dm_82d2cc1a7c005e792e431eaf8e261105/css/layout109d.css]
[www.polestarholdings.com/our-specialization/private-equity/index.html]
[www.polestarholdings.com/our-specialization/venture-capital/index.html]
[www.polestarholdings.com/our-specialization/others/index.html]
[www.polestarholdings.com/transactions/index.html]
[www.polestarholdings.com/team-profile/index.html]
[assets.jimstatic.com/38394ca16133f78363850eb0ebc16c36.eot]
[www.polestarholdings.com/team-profile/abhijit-rao/index.html]
[assets.jimstatic.com/38394ca16133f78363850eb0ebc16c36d41d.eot]
[www.polestarholdings.com/team-profile/sanjay-singh/index.html]
[assets.jimstatic.com/a984717a9f4ef00fa217fc58c3ff86a6.woff]
[assets.jimstatic.com/92d755b23dfbe5bd5ac566c8df9e7827.ttf]
[www.polestarholdings.com/team-profile/vikas-maskeri/index.html]
[assets.jimstatic.com/f7b79a3d76e79248879a74cd4fadbb14.svg]
[assets.jimstatic.com/e1ca6e007c91d4ef9ee063940b504870.png]
[assets.jimstatic.com/d32401d55ec237cee50e487c6eefa908.gif]
[www.polestarholdings.com/contact-us/index.html]
[assets.jimstatic.com/9e4dc55ad6bdd8b8bafced6241dac621.png]
[assets.jimstatic.com/b257fa9c5ac8c515ac4d77a667ce2943.svg]
[assets.jimstatic.com/web.css.133312a193e3b4cce366ae56405b32cf.css]
[www.polestarholdings.com/sitemap/index.html]
[image.jimcdn.com/app/cms/image/transf/dimension=116x1024_format=jpg/path/s607c3666aed809e9/image/i3aefb7da27cb6cc0/version/1467867918/image.jpg]
[www.polestarholdings.com/about-polestar/polestar-the-guiding-principle/index.html]
[www.polestarholdings.com/about-polestar/about-us/index.html]
[www.polestarholdings.com/about-polestar/our-approach/index.html]
[www.polestarholdings.com/about-polestar/our-value-proposition/index.html]
[image.jimcdn.com/app/cms/image/transf/dimension=95x1024_format=jpg/path/s607c3666aed809e9/image/i2e81d71c0f75bc35/version/1467879236/image.jpg]
[www.polestarholdings.com/about-polestar/community-service/index.html]
[image.jimcdn.com/app/cms/image/transf/dimension=324x1024_format=jpg/path/s607c3666aed809e9/image/ibdec54a9c460249a/version/1467351532/image.jpg]
[www.polestarholdings.com/our-specialization/index.html]
[www.polestarholdings.com/our-specialization/mezzanine-capital/index.html]
[www.polestarholdings.com/our-specialization/private-equity/index.html]
[www.polestarholdings.com/our-specialization/venture-capital/index.html]
[www.polestarholdings.com/our-specialization/others/index.html]
[image.jimcdn.com/app/cms/image/transf/dimension=1920x400_format=jpg/path/s607c3666aed809e9/image/if4f4ba9199006a33/version/1530010088/image.jpg]
[image.jimcdn.com/app/cms/image/transf/dimension=1920x400_format=jpg/path/s607c3666aed809e9/image/i88d90b5db1dbefd9/version/1530010088/image.jpg]
[image.jimcdn.com/app/cms/image/transf/dimension=1920x400_format=jpg/path/s607c3666aed809e9/image/ia8ae73803c8ca417/version/1530010088/image.jpg]
[image.jimcdn.com/app/cms/image/transf/dimension=1920x400_format=jpg/path/s607c3666aed809e9/image/id1c005f95bea3c27/version/1530010088/image.jpg]
[image.jimcdn.com/app/cms/image/transf/dimension=1920x400_format=jpg/path/s607c3666aed809e9/image/if631f56fdc696dc3/version/1530010088/image.jpg]
[image.jimcdn.com/app/cms/image/transf/dimension=1920x400_format=jpg/path/s607c3666aed809e9/image/i4fb6ace682e08913/version/1530010088/image.jpg]
[image.jimcdn.com/app/cms/image/transf/dimension=1920x400_format=jpg/path/s607c3666aed809e9/image/i9290abadef07b617/version/1530010088/image.jpg]
[image.jimcdn.com/app/cms/image/transf/dimension=1920x400_format=jpg/path/s607c3666aed809e9/image/if2d643b3865a1a93/version/1530010088/image.jpg]
[image.jimcdn.com/app/cms/image/transf/dimension=1920x400_format=jpg/path/s607c3666aed809e9/image/id7e312f8f4de4068/version/1530010088/image.jpg]
[image.jimcdn.com/app/cms/image/transf/dimension=1920x400_format=jpg/path/s607c3666aed809e9/image/i63660e9328c17f89/version/1530010088/image.jpg]
[image.jimcdn.com/app/cms/image/transf/dimension=1920x400_format=jpg/path/s607c3666aed809e9/image/i2a0414d94a823262/version/1530010088/image.jpg]
[image.jimcdn.com/app/cms/image/transf/dimension=1920x400_format=jpg/path/s607c3666aed809e9/image/i9424c48006e16f20/version/1530010088/image.jpg]
[image.jimcdn.com/app/cms/image/transf/dimension=1920x400_format=jpg/path/s607c3666aed809e9/image/i82f890f775e1f83f/version/1530010088/image.jpg]
[image.jimcdn.com/app/cms/image/transf/dimension=1920x400_format=jpg/path/s607c3666aed809e9/image/i1dbfd276634acd74/version/1530010088/image.jpg]
[image.jimcdn.com/app/cms/image/transf/dimension=1920x400_format=jpg/path/s607c3666aed809e9/image/idfb995f0e1c59b6e/version/1530010088/image.jpg]
[image.jimcdn.com/app/cms/image/transf/dimension=1920x400_format=jpg/path/s607c3666aed809e9/image/ife1cff76e56384c3/version/1530010088/image.jpg]
[image.jimcdn.com/app/cms/image/transf/dimension=1920x400_format=jpg/path/s607c3666aed809e9/image/i81191a90acb1d271/version/1530010088/image.jpg]
[image.jimcdn.com/app/cms/image/transf/dimension=1920x400_format=jpg/path/s607c3666aed809e9/image/i8c981651fefa8aa1/version/1530010088/image.jpg]
[image.jimcdn.com/app/cms/image/transf/dimension=1920x400_format=jpg/path/s607c3666aed809e9/image/i2a4a407f53b10005/version/1530010088/image.jpg]
[image.jimcdn.com/app/cms/image/transf/dimension=1920x400_format=jpg/path/s607c3666aed809e9/image/i94d0080df7417088/version/1530010088/image.jpg]
[image.jimcdn.com/app/cms/image/transf/dimension=1920x400_format=jpg/path/s607c3666aed809e9/image/i4763bc040e94348a/version/1530010088/image.jpg]
[www.polestarholdings.com/transactions/index.html]
[image.jimcdn.com/app/cms/image/transf/dimension=134x10000_format=jpg/path/s607c3666aed809e9/image/i527b8ae72a082447/version/1467780361/image.jpg]
[image.jimcdn.com/app/cms/image/transf/dimension=131x10000_format=jpg/path/s607c3666aed809e9/image/i657976bcb68016d7/version/1473764561/image.jpg]
[image.jimcdn.com/app/cms/image/transf/dimension=140x10000_format=jpg/path/s607c3666aed809e9/image/ie8c5cfaefdc6803c/version/1499930304/image.jpg]
[www.polestarholdings.com/team-profile/index.html]
[image.jimcdn.com/app/cms/image/transf/dimension=1920x1024_format=jpg/path/s607c3666aed809e9/image/i283baed61395d257/version/1494573554/image.jpg]
[image.jimcdn.com/app/cms/image/transf/dimension=165x1024_format=jpg/path/s607c3666aed809e9/image/i283baed61395d257/version/1494573554/image.jpg]
[www.polestarholdings.com/team-profile/sanjay-singh/index.html]
[image.jimcdn.com/app/cms/image/transf/dimension=145x1024_format=jpg/path/s607c3666aed809e9/image/i13193cfe7e185ed7/version/1473763805/image.jpg]
[www.polestarholdings.com/team-profile/abhijit-rao/index.html]
[image.jimcdn.com/app/cms/image/transf/dimension=1920x1024_format=jpg/path/s607c3666aed809e9/image/i24240fcf1fa40ca2/version/1499929658/image.jpg]
[image.jimcdn.com/app/cms/image/transf/dimension=141x1024_format=jpg/path/s607c3666aed809e9/image/i24240fcf1fa40ca2/version/1499929658/image.jpg]
[www.polestarholdings.com/team-profile/vikas-maskeri/index.html]
[www.polestarholdings.com/contact-us/index.html]
[www.polestarholdings.com/j/privacy.html]
[www.polestarholdings.com/j/cookies/policy.html]
[www.polestarholdings.com/sitemap/index.html]
[assets.jimstatic.com/f7b79a3d76e79248879a74cd4fadbb14.svg]
[assets.jimstatic.com/b257fa9c5ac8c515ac4d77a667ce2943.svg]
[www.polestarholdings.com/j/privacy.html]
[www.polestarholdings.com/j/cookies/settings.html]
[www.polestarholdings.com/j/cookies/settings.html]
[www.polestarholdings.com/j/privacy/index.html]
[www.polestarholdings.com/j/privacy/index.html]
[www.polestarholdings.com/j/cookies/settings/index.html]
[www.polestarholdings.com/j/cookies/settings/index.html]
